
> crime-management-frontend@0.1.0 build
> react-scripts build

node.exe : (node:4180) [DEP0176] DeprecationWarning: fs.F_OK is deprecated, 
use fs.constants.F_OK instead
At line:1 char:1
+ & "C:\Program Files\nodejs/node.exe" "C:\Program Files\nodejs/node_mo ...
+ ~~~~~~~~~~~~~~~~~~~~~~~~~~~~~~~~~~~~~~~~~~~~~~~~~~~~~~~~~~~~~~~~~~~~~
    + CategoryInfo          : NotSpecified: ((node:4180) [DE...ts.F_OK instead 
   :String) [], RemoteException
    + FullyQualifiedErrorId : NativeCommandError
 
(Use `node --trace-deprecation ...` to show where the warning was created)
Creating an optimized production build...
Failed to compile.

[eslint] 
src\pages\PoliceSentFIRs.js
  Line 144:8:   'Container' is not defined  react/jsx-no-undef
  Line 175:18:  'Spinner' is not defined    react/jsx-no-undef
  Line 181:16:  'Alert' is not defined      react/jsx-no-undef
  Line 233:32:  'Form' is not defined       react/jsx-no-undef
  Line 263:32:  'Spinner' is not defined    react/jsx-no-undef

src\pages\StationsManagement.js
  Line 126:10:  'Container' is not defined  react/jsx-no-undef
  Line 139:8:   'Modal' is not defined      react/jsx-no-undef
  Line 140:10:  'Modal' is not defined      react/jsx-no-undef
  Line 141:12:  'Modal' is not defined      react/jsx-no-undef
  Line 143:10:  'Modal' is not defined      react/jsx-no-undef
  Line 144:12:  'Form' is not defined       react/jsx-no-undef
  Line 145:14:  'Row' is not defined        react/jsx-no-undef
  Line 146:16:  'Col' is not defined        react/jsx-no-undef
  Line 147:18:  'Form' is not defined       react/jsx-no-undef
  Line 148:20:  'Form' is not defined       react/jsx-no-undef
  Line 149:20:  'Form' is not defined       react/jsx-no-undef
  Line 158:16:  'Col' is not defined        react/jsx-no-undef
  Line 159:18:  'Form' is not defined       react/jsx-no-undef
  Line 160:20:  'Form' is not defined       react/jsx-no-undef
  Line 161:20:  'Form' is not defined       react/jsx-no-undef
  Line 172:14:  'Form' is not defined       react/jsx-no-undef
  Line 173:16:  'Form' is not defined       react/jsx-no-undef
  Line 174:16:  'Form' is not defined       react/jsx-no-undef
  Line 183:14:  'Row' is not defined        react/jsx-no-undef
  Line 184:16:  'Col' is not defined        react/jsx-no-undef
  Line 185:18:  'Form' is not defined       react/jsx-no-undef
  Line 186:20:  'Form' is not defined       react/jsx-no-undef
  Line 187:20:  'Form' is not defined       react/jsx-no-undef
  Line 196:16:  'Col' is not defined        react/jsx-no-undef
  Line 197:18:  'Form' is not defined       react/jsx-no-undef
  Line 198:20:  'Form' is not defined       react/jsx-no-undef
  Line 199:20:  'Form' is not defined       react/jsx-no-undef
  Line 210:14:  'Row' is not defined        react/jsx-no-undef
  Line 211:16:  'Col' is not defined        react/jsx-no-undef
  Line 212:18:  'Form' is not defined       react/jsx-no-undef
  Line 213:20:  'Form' is not defined       react/jsx-no-undef
  Line 214:20:  'Form' is not defined       react/jsx-no-undef
  Line 222:16:  'Col' is not defined        react/jsx-no-undef
  Line 223:18:  'Form' is not defined       react/jsx-no-undef
  Line 224:20:  'Form' is not defined       react/jsx-no-undef
  Line 225:20:  'Form' is not defined       react/jsx-no-undef
  Line 235:14:  'Form' is not defined       react/jsx-no-undef
  Line 236:16:  'Form' is not defined       react/jsx-no-undef
  Line 237:16:  'Form' is not defined       react/jsx-no-undef
  Line 247:10:  'Modal' is not defined      react/jsx-no-undef
  Line 248:12:  'Button' is not defined     react/jsx-no-undef
  Line 251:12:  'Button' is not defined     react/jsx-no-undef
  Line 317:8:   'Modal' is not defined      react/jsx-no-undef
  Line 318:10:  'Modal' is not defined      react/jsx-no-undef
  Line 319:12:  'Modal' is not defined      react/jsx-no-undef
  Line 324:10:  'Modal' is not defined      react/jsx-no-undef
  Line 364:10:  'Modal' is not defined      react/jsx-no-undef
  Line 365:12:  'Button' is not defined     react/jsx-no-undef

src\pages\UserFIRForm.js
  Line 208:8:   'Container' is not defined       react/jsx-no-undef
  Line 209:10:  'Row' is not defined             react/jsx-no-undef
  Line 210:12:  'Col' is not defined             react/jsx-no-undef
  Line 218:16:  'Button' is not defined          react/jsx-no-undef
  Line 231:10:  'Row' is not defined             react/jsx-no-undef
  Line 232:12:  'Col' is not defined             react/jsx-no-undef
  Line 233:14:  'Card' is not defined            react/jsx-no-undef
  Line 234:16:  'Card' is not defined            react/jsx-no-undef
  Line 237:16:  'Card' is not defined            react/jsx-no-undef
  Line 238:28:  'Alert' is not defined           react/jsx-no-undef
  Line 239:30:  'Alert' is not defined           react/jsx-no-undef
  Line 241:18:  'Form' is not defined            react/jsx-no-undef
  Line 243:20:  'Form' is not defined            react/jsx-no-undef
  Line 244:22:  'Form' is not defined            react/jsx-no-undef
  Line 247:22:  'Form' is not defined            react/jsx-no-undef
  Line 263:20:  'Card' is not defined            react/jsx-no-undef
  Line 264:22:  'Card' is not defined            react/jsx-no-undef
  Line 268:26:  'Badge' is not defined           react/jsx-no-undef
  Line 273:24:  'Form' is not defined            react/jsx-no-undef
  Line 283:26:  'Button' is not defined          react/jsx-no-undef
  Line 294:32:  'Spinner' is not defined         react/jsx-no-undef
  Line 299:26:  'Button' is not defined          react/jsx-no-undef
  Line 314:50:  'Spinner' is not defined         react/jsx-no-undef
  Line 318:30:  'Badge' is not defined           react/jsx-no-undef
  Line 321:30:  'OverlayTrigger' is not defined  react/jsx-no-undef
  Line 324:34:  'Tooltip' is not defined         react/jsx-no-undef
  Line 331:32:  'Badge' is not defined           react/jsx-no-undef
  Line 343:22:  'Alert' is not defined           react/jsx-no-undef
  Line 344:24:  'Alert' is not defined           react/jsx-no-undef
  Line 361:20:  'Form' is not defined            react/jsx-no-undef
  Line 362:22:  'Form' is not defined            react/jsx-no-undef
  Line 366:22:  'Form' is not defined            react/jsx-no-undef
  Line 387:20:  'Form' is not defined            react/jsx-no-undef
  Line 388:22:  'Form' is not defined            react/jsx-no-undef
  Line 391:22:  'Form' is not defined            react/jsx-no-undef
  Line 407:20:  'Form' is not defined            react/jsx-no-undef
  Line 408:22:  'Form' is not defined            react/jsx-no-undef
  Line 411:22:  'Form' is not defined            react/jsx-no-undef
  Line 421:20:  'Row' is not defined             react/jsx-no-undef
  Line 423:22:  'Col' is not defined             react/jsx-no-undef
  Line 424:24:  'Form' is not defined            react/jsx-no-undef
  Line 425:26:  'Form' is not defined            react/jsx-no-undef
  Line 426:26:  'Form' is not defined            react/jsx-no-undef
  Line 440:22:  'Col' is not defined             react/jsx-no-undef
  Line 441:24:  'Form' is not defined            react/jsx-no-undef
  Line 442:26:  'Form' is not defined            react/jsx-no-undef
  Line 445:26:  'Form' is not defined            react/jsx-no-undef
  Line 459:20:  'Form' is not defined            react/jsx-no-undef
  Line 460:22:  'Form' is not defined            react/jsx-no-undef
  Line 461:22:  'Form' is not defined            react/jsx-no-undef
  Line 473:20:  'Form' is not defined            react/jsx-no-undef
  Line 474:22:  'Form' is not defined            react/jsx-no-undef
  Line 477:22:  'Form' is not defined            react/jsx-no-undef
  Line 492:20:  'Row' is not defined             react/jsx-no-undef
  Line 493:22:  'Col' is not defined             react/jsx-no-undef
  Line 494:24:  'Form' is not defined            react/jsx-no-undef
  Line 495:26:  'Form' is not defined            react/jsx-no-undef
  Line 496:26:  'Form' is not defined            react/jsx-no-undef
  Line 506:26:  'Form' is not defined            react/jsx-no-undef
  Line 511:22:  'Col' is not defined             react/jsx-no-undef
  Line 512:24:  'Form' is not defined            react/jsx-no-undef
  Line 513:26:  'Form' is not defined            react/jsx-no-undef
  Line 514:26:  'Form' is not defined            react/jsx-no-undef
  Line 524:26:  'Form' is not defined            react/jsx-no-undef
  Line 533:22:  'Button' is not defined          react/jsx-no-undef
  Line 542:28:  'Spinner' is not defined         react/jsx-no-undef
  Line 551:22:  'Button' is not defined          react/jsx-no-undef
  Line 575:22:  'Button' is not defined          react/jsx-no-undef

Search for the keywords to learn more about each error.


